<?xml version="1.0" encoding="utf-8"?><testsuites><testsuite name="pytest" errors="0" failures="0" skipped="0" tests="7" time="0.286" timestamp="2026-05-16T14:57:58.027274+02:00" hostname="nuc"><testcase classname="tests.test_coordinator" name="test_update_merges_endpoints" time="0.107" /><testcase classname="tests.test_coordinator" name="test_auth_error_maps_to_config_entry_auth_failed" time="0.010" /><testcase classname="tests.test_coordinator" name="test_connection_error_maps_to_update_failed" time="0.010" /><testcase classname="tests.test_crypto" name="test_key_derivation_matches_reference" time="0.068" /><testcase classname="tests.test_crypto" name="test_encrypt_matches_reference_vector" time="0.011" /><testcase classname="tests.test_crypto" name="test_decrypt_reference_vector" time="0.008" /><testcase classname="tests.test_crypto" name="test_roundtrip_non_block_aligned" time="0.008" /></testsuite></testsuites>